<?xml version="1.0"?>
<link_info>
   <banner>TI ARM Linker PC v5.2.2</banner>
   <copyright>Copyright (c) 1996-2015 Texas Instruments Incorporated</copyright>
   <link_time>0x55dbe439</link_time>
   <link_errors>0x0</link_errors>
   <output_file>RTOS.out</output_file>
   <entry_point>
      <name>_c_int00</name>
      <address>0x17e9</address>
   </entry_point>
   <input_file_list>
      <input_file id="fl-2">
         <path>.\</path>
         <kind>object</kind>
         <file>button.obj</file>
         <name>button.obj</name>
      </input_file>
      <input_file id="fl-3">
         <path>.\</path>
         <kind>object</kind>
         <file>lm3s1968_startup_ccs.obj</file>
         <name>lm3s1968_startup_ccs.obj</name>
      </input_file>
      <input_file id="fl-4">
         <path>.\</path>
         <kind>object</kind>
         <file>main.obj</file>
         <name>main.obj</name>
      </input_file>
      <input_file id="fl-5">
         <path>.\</path>
         <kind>object</kind>
         <file>rit128x96x4.obj</file>
         <name>rit128x96x4.obj</name>
      </input_file>
      <input_file id="fl-6">
         <path>.\</path>
         <kind>object</kind>
         <file>task.obj</file>
         <name>task.obj</name>
      </input_file>
      <input_file id="fl-12d">
         <path>C:\ti\ccsv6\tools\compiler\ti-cgt-arm_5.2.2\lib\</path>
         <kind>archive</kind>
         <file>rtsv7M3_T_le_eabi.lib</file>
         <name>boot.obj</name>
      </input_file>
      <input_file id="fl-12e">
         <path>C:\ti\ccsv6\tools\compiler\ti-cgt-arm_5.2.2\lib\</path>
         <kind>archive</kind>
         <file>rtsv7M3_T_le_eabi.lib</file>
         <name>copy_decompress_none.obj</name>
      </input_file>
      <input_file id="fl-12f">
         <path>C:\ti\ccsv6\tools\compiler\ti-cgt-arm_5.2.2\lib\</path>
         <kind>archive</kind>
         <file>rtsv7M3_T_le_eabi.lib</file>
         <name>copy_decompress_rle.obj</name>
      </input_file>
      <input_file id="fl-130">
         <path>C:\ti\ccsv6\tools\compiler\ti-cgt-arm_5.2.2\lib\</path>
         <kind>archive</kind>
         <file>rtsv7M3_T_le_eabi.lib</file>
         <name>copy_zero_init.obj</name>
      </input_file>
      <input_file id="fl-131">
         <path>C:\ti\ccsv6\tools\compiler\ti-cgt-arm_5.2.2\lib\</path>
         <kind>archive</kind>
         <file>rtsv7M3_T_le_eabi.lib</file>
         <name>exit.obj</name>
      </input_file>
      <input_file id="fl-132">
         <path>C:\ti\ccsv6\tools\compiler\ti-cgt-arm_5.2.2\lib\</path>
         <kind>archive</kind>
         <file>rtsv7M3_T_le_eabi.lib</file>
         <name>memcpy_t2.obj</name>
      </input_file>
      <input_file id="fl-133">
         <path>C:\ti\ccsv6\tools\compiler\ti-cgt-arm_5.2.2\lib\</path>
         <kind>archive</kind>
         <file>rtsv7M3_T_le_eabi.lib</file>
         <name>memory.obj</name>
      </input_file>
      <input_file id="fl-134">
         <path>C:\ti\ccsv6\tools\compiler\ti-cgt-arm_5.2.2\lib\</path>
         <kind>archive</kind>
         <file>rtsv7M3_T_le_eabi.lib</file>
         <name>memset_t2.obj</name>
      </input_file>
      <input_file id="fl-135">
         <path>C:\ti\ccsv6\tools\compiler\ti-cgt-arm_5.2.2\lib\</path>
         <kind>archive</kind>
         <file>rtsv7M3_T_le_eabi.lib</file>
         <name>pre_init.obj</name>
      </input_file>
      <input_file id="fl-136">
         <path>C:\ti\ccsv6\tools\compiler\ti-cgt-arm_5.2.2\lib\</path>
         <kind>archive</kind>
         <file>rtsv7M3_T_le_eabi.lib</file>
         <name>stkdepth_vars.obj</name>
      </input_file>
      <input_file id="fl-137">
         <path>C:\ti\ccsv6\tools\compiler\ti-cgt-arm_5.2.2\lib\</path>
         <kind>archive</kind>
         <file>rtsv7M3_T_le_eabi.lib</file>
         <name>_lock.obj</name>
      </input_file>
      <input_file id="fl-138">
         <path>C:\ti\ccsv6\tools\compiler\ti-cgt-arm_5.2.2\lib\</path>
         <kind>archive</kind>
         <file>rtsv7M3_T_le_eabi.lib</file>
         <name>args_main.obj</name>
      </input_file>
      <input_file id="fl-139">
         <path>C:\ti\ccsv6\tools\compiler\ti-cgt-arm_5.2.2\lib\</path>
         <kind>archive</kind>
         <file>rtsv7M3_T_le_eabi.lib</file>
         <name>autoinit.obj</name>
      </input_file>
      <input_file id="fl-13a">
         <path>C:\ti\ccsv6\tools\compiler\ti-cgt-arm_5.2.2\lib\</path>
         <kind>archive</kind>
         <file>rtsv7M3_T_le_eabi.lib</file>
         <name>cpy_tbl.obj</name>
      </input_file>
      <input_file id="fl-13b">
         <path>C:\Users\rba90\workspace\StellarisWare\driverlib\ccs-cm3\Debug\</path>
         <kind>archive</kind>
         <file>driverlib-cm3.lib</file>
         <name>gpio.obj</name>
      </input_file>
      <input_file id="fl-13c">
         <path>C:\Users\rba90\workspace\StellarisWare\driverlib\ccs-cm3\Debug\</path>
         <kind>archive</kind>
         <file>driverlib-cm3.lib</file>
         <name>interrupt.obj</name>
      </input_file>
      <input_file id="fl-13d">
         <path>C:\Users\rba90\workspace\StellarisWare\driverlib\ccs-cm3\Debug\</path>
         <kind>archive</kind>
         <file>driverlib-cm3.lib</file>
         <name>ssi.obj</name>
      </input_file>
      <input_file id="fl-13e">
         <path>C:\Users\rba90\workspace\StellarisWare\driverlib\ccs-cm3\Debug\</path>
         <kind>archive</kind>
         <file>driverlib-cm3.lib</file>
         <name>sysctl.obj</name>
      </input_file>
      <input_file id="fl-13f">
         <path>C:\Users\rba90\workspace\StellarisWare\driverlib\ccs-cm3\Debug\</path>
         <kind>archive</kind>
         <file>driverlib-cm3.lib</file>
         <name>systick.obj</name>
      </input_file>
      <input_file id="fl-140">
         <path>C:\Users\rba90\workspace\StellarisWare\driverlib\ccs-cm3\Debug\</path>
         <kind>archive</kind>
         <file>driverlib-cm3.lib</file>
         <name>cpu.obj</name>
      </input_file>
   </input_file_list>
   <object_component_list>
      <object_component id="oc-e">
         <name>.intvecs</name>
         <load_address>0x0</load_address>
         <run_address>0x0</run_address>
         <size>0xf0</size>
         <input_file_ref idref="fl-3"/>
      </object_component>
      <object_component id="oc-fb">
         <name>.text</name>
         <load_address>0xf0</load_address>
         <run_address>0xf0</run_address>
         <size>0x510</size>
         <input_file_ref idref="fl-5"/>
      </object_component>
      <object_component id="oc-195">
         <name>.text</name>
         <load_address>0x600</load_address>
         <run_address>0x600</run_address>
         <size>0x3dc</size>
         <input_file_ref idref="fl-133"/>
      </object_component>
      <object_component id="oc-107">
         <name>.text</name>
         <load_address>0x9dc</load_address>
         <run_address>0x9dc</run_address>
         <size>0x224</size>
         <input_file_ref idref="fl-2"/>
      </object_component>
      <object_component id="oc-d1">
         <name>.text:SysCtlClockGet</name>
         <load_address>0xc00</load_address>
         <run_address>0xc00</run_address>
         <size>0x1c4</size>
         <input_file_ref idref="fl-13e"/>
      </object_component>
      <object_component id="oc-101">
         <name>.text</name>
         <load_address>0xdc4</load_address>
         <run_address>0xdc4</run_address>
         <size>0x180</size>
         <input_file_ref idref="fl-6"/>
      </object_component>
      <object_component id="oc-9e">
         <name>.text</name>
         <load_address>0xf44</load_address>
         <run_address>0xf44</run_address>
         <size>0x168</size>
         <input_file_ref idref="fl-4"/>
      </object_component>
      <object_component id="oc-cb">
         <name>.text:SysCtlClockSet</name>
         <load_address>0x10ac</load_address>
         <run_address>0x10ac</run_address>
         <size>0x134</size>
         <input_file_ref idref="fl-13e"/>
      </object_component>
      <object_component id="oc-21f">
         <name>.text:GPIOGetIntNumber</name>
         <load_address>0x11e0</load_address>
         <run_address>0x11e0</run_address>
         <size>0xfc</size>
         <input_file_ref idref="fl-13b"/>
      </object_component>
      <object_component id="oc-172">
         <name>.text:GPIOPadConfigSet</name>
         <load_address>0x12dc</load_address>
         <run_address>0x12dc</run_address>
         <size>0xba</size>
         <input_file_ref idref="fl-13b"/>
      </object_component>
      <object_component id="oc-35">
         <name>.text</name>
         <load_address>0x1396</load_address>
         <run_address>0x1396</run_address>
         <size>0x9c</size>
         <input_file_ref idref="fl-132"/>
      </object_component>
      <object_component id="oc-ef">
         <name>.text:SysCtlPeripheralReset</name>
         <load_address>0x1434</load_address>
         <run_address>0x1434</run_address>
         <size>0x8c</size>
         <input_file_ref idref="fl-13e"/>
      </object_component>
      <object_component id="oc-4e">
         <name>.text</name>
         <load_address>0x14c0</load_address>
         <run_address>0x14c0</run_address>
         <size>0x7a</size>
         <input_file_ref idref="fl-134"/>
      </object_component>
      <object_component id="oc-60">
         <name>.text</name>
         <load_address>0x153c</load_address>
         <run_address>0x153c</run_address>
         <size>0x6c</size>
         <input_file_ref idref="fl-139"/>
      </object_component>
      <object_component id="oc-41">
         <name>.text</name>
         <load_address>0x15a8</load_address>
         <run_address>0x15a8</run_address>
         <size>0x6a</size>
         <input_file_ref idref="fl-12f"/>
      </object_component>
      <object_component id="oc-1bc">
         <name>.text:IntEnable</name>
         <load_address>0x1614</load_address>
         <run_address>0x1614</run_address>
         <size>0x68</size>
         <input_file_ref idref="fl-13c"/>
      </object_component>
      <object_component id="oc-f5">
         <name>.text:SysCtlPeripheralEnable</name>
         <load_address>0x167c</load_address>
         <run_address>0x167c</run_address>
         <size>0x5c</size>
         <input_file_ref idref="fl-13e"/>
      </object_component>
      <object_component id="oc-96">
         <name>.text</name>
         <load_address>0x16d8</load_address>
         <run_address>0x16d8</run_address>
         <size>0x4c</size>
         <input_file_ref idref="fl-13a"/>
      </object_component>
      <object_component id="oc-6c">
         <name>.text</name>
         <load_address>0x1724</load_address>
         <run_address>0x1724</run_address>
         <size>0x44</size>
         <input_file_ref idref="fl-131"/>
      </object_component>
      <object_component id="oc-166">
         <name>.text:SSIConfigSetExpClk</name>
         <load_address>0x1768</load_address>
         <run_address>0x1768</run_address>
         <size>0x42</size>
         <input_file_ref idref="fl-13d"/>
      </object_component>
      <object_component id="oc-1b0">
         <name>.text:GPIOIntTypeSet</name>
         <load_address>0x17aa</load_address>
         <run_address>0x17aa</run_address>
         <size>0x3e</size>
         <input_file_ref idref="fl-13b"/>
      </object_component>
      <object_component id="oc-23">
         <name>.text</name>
         <load_address>0x17e8</load_address>
         <run_address>0x17e8</run_address>
         <size>0x3c</size>
         <input_file_ref idref="fl-12d"/>
      </object_component>
      <object_component id="oc-13d">
         <name>.text:IntRegister</name>
         <load_address>0x1824</load_address>
         <run_address>0x1824</run_address>
         <size>0x34</size>
         <input_file_ref idref="fl-13c"/>
      </object_component>
      <object_component id="oc-1aa">
         <name>.text:GPIODirModeSet</name>
         <load_address>0x1858</load_address>
         <run_address>0x1858</run_address>
         <size>0x2a</size>
         <input_file_ref idref="fl-13b"/>
      </object_component>
      <object_component id="oc-dd">
         <name>.text:SysTickIntRegister</name>
         <load_address>0x1884</load_address>
         <run_address>0x1884</run_address>
         <size>0x1c</size>
         <input_file_ref idref="fl-13f"/>
      </object_component>
      <object_component id="oc-1a4">
         <name>.text:GPIOPortIntRegister</name>
         <load_address>0x18a0</load_address>
         <run_address>0x18a0</run_address>
         <size>0x18</size>
         <input_file_ref idref="fl-13b"/>
      </object_component>
      <object_component id="oc-66">
         <name>.text</name>
         <load_address>0x18b8</load_address>
         <run_address>0x18b8</run_address>
         <size>0x18</size>
         <input_file_ref idref="fl-138"/>
      </object_component>
      <object_component id="oc-e9">
         <name>.text:SysTickEnable</name>
         <load_address>0x18d0</load_address>
         <run_address>0x18d0</run_address>
         <size>0x14</size>
         <input_file_ref idref="fl-13f"/>
      </object_component>
      <object_component id="oc-e3">
         <name>.text:SysTickIntEnable</name>
         <load_address>0x18e4</load_address>
         <run_address>0x18e4</run_address>
         <size>0x14</size>
         <input_file_ref idref="fl-13f"/>
      </object_component>
      <object_component id="oc-11e">
         <name>.text</name>
         <load_address>0x18f8</load_address>
         <run_address>0x18f8</run_address>
         <size>0x14</size>
         <input_file_ref idref="fl-137"/>
      </object_component>
      <object_component id="oc-184">
         <name>.text:GPIOPinTypeGPIOOutput</name>
         <load_address>0x190c</load_address>
         <run_address>0x190c</run_address>
         <size>0x12</size>
         <input_file_ref idref="fl-13b"/>
      </object_component>
      <object_component id="oc-16c">
         <name>.text:GPIOPinTypeSSI</name>
         <load_address>0x191e</load_address>
         <run_address>0x191e</run_address>
         <size>0x12</size>
         <input_file_ref idref="fl-13b"/>
      </object_component>
      <object_component id="oc-17e">
         <name>.text:SSIDataGetNonBlocking</name>
         <load_address>0x1930</load_address>
         <run_address>0x1930</run_address>
         <size>0x12</size>
         <input_file_ref idref="fl-13d"/>
      </object_component>
      <object_component id="oc-d7">
         <name>.text:SysTickPeriodSet</name>
         <load_address>0x1944</load_address>
         <run_address>0x1944</run_address>
         <size>0x10</size>
         <input_file_ref idref="fl-13f"/>
      </object_component>
      <object_component id="oc-11">
         <name>.text:decompress:none</name>
         <load_address>0x1954</load_address>
         <run_address>0x1954</run_address>
         <size>0xe</size>
         <input_file_ref idref="fl-12e"/>
      </object_component>
      <object_component id="oc-1dd">
         <name>.text:CPUcpsie</name>
         <load_address>0x1962</load_address>
         <run_address>0x1962</run_address>
         <size>0xc</size>
         <input_file_ref idref="fl-140"/>
      </object_component>
      <object_component id="oc-1b6">
         <name>.text:GPIOPinIntEnable</name>
         <load_address>0x196e</load_address>
         <run_address>0x196e</run_address>
         <size>0xc</size>
         <input_file_ref idref="fl-13b"/>
      </object_component>
      <object_component id="oc-1d">
         <name>.text:decompress:ZI</name>
         <load_address>0x197a</load_address>
         <run_address>0x197a</run_address>
         <size>0xc</size>
         <input_file_ref idref="fl-130"/>
      </object_component>
      <object_component id="oc-2c">
         <name>.text</name>
         <load_address>0x1986</load_address>
         <run_address>0x1986</run_address>
         <size>0xc</size>
         <input_file_ref idref="fl-3"/>
      </object_component>
      <object_component id="oc-10d">
         <name>.text:IntMasterEnable</name>
         <load_address>0x1992</load_address>
         <run_address>0x1992</run_address>
         <size>0xa</size>
         <input_file_ref idref="fl-13c"/>
      </object_component>
      <object_component id="oc-157">
         <name>.text:SSIDataPut</name>
         <load_address>0x199c</load_address>
         <run_address>0x199c</run_address>
         <size>0xa</size>
         <input_file_ref idref="fl-13d"/>
      </object_component>
      <object_component id="oc-160">
         <name>.text:SSIDisable</name>
         <load_address>0x19a6</load_address>
         <run_address>0x19a6</run_address>
         <size>0xa</size>
         <input_file_ref idref="fl-13d"/>
      </object_component>
      <object_component id="oc-178">
         <name>.text:SSIEnable</name>
         <load_address>0x19b0</load_address>
         <run_address>0x19b0</run_address>
         <size>0xa</size>
         <input_file_ref idref="fl-13d"/>
      </object_component>
      <object_component id="oc-14b">
         <name>.text:SSIBusy</name>
         <load_address>0x19ba</load_address>
         <run_address>0x19ba</run_address>
         <size>0x8</size>
         <input_file_ref idref="fl-13d"/>
      </object_component>
      <object_component id="oc-1c2">
         <name>.text:GPIOPinIntClear</name>
         <load_address>0x19c2</load_address>
         <run_address>0x19c2</run_address>
         <size>0x6</size>
         <input_file_ref idref="fl-13b"/>
      </object_component>
      <object_component id="oc-1c8">
         <name>.text:GPIOPinRead</name>
         <load_address>0x19c8</load_address>
         <run_address>0x19c8</run_address>
         <size>0x6</size>
         <input_file_ref idref="fl-13b"/>
      </object_component>
      <object_component id="oc-151">
         <name>.text:GPIOPinWrite</name>
         <load_address>0x19ce</load_address>
         <run_address>0x19ce</run_address>
         <size>0x6</size>
         <input_file_ref idref="fl-13b"/>
      </object_component>
      <object_component id="oc-133">
         <name>.text:SysCtlDelay</name>
         <load_address>0x19d4</load_address>
         <run_address>0x19d4</run_address>
         <size>0x6</size>
         <input_file_ref idref="fl-13e"/>
      </object_component>
      <object_component id="oc-17">
         <name>.text:decompress:rle24</name>
         <load_address>0x19da</load_address>
         <run_address>0x19da</run_address>
         <size>0x6</size>
         <input_file_ref idref="fl-12f"/>
      </object_component>
      <object_component id="oc-5a">
         <name>.text</name>
         <load_address>0x19e0</load_address>
         <run_address>0x19e0</run_address>
         <size>0x4</size>
         <input_file_ref idref="fl-135"/>
      </object_component>
      <object_component id="oc-18e">
         <name>.const:g_pucFont</name>
         <load_address>0x19e4</load_address>
         <run_address>0x19e4</run_address>
         <size>0x1e0</size>
         <input_file_ref idref="fl-5"/>
      </object_component>
      <object_component id="oc-229">
         <name>.const</name>
         <load_address>0x1bc4</load_address>
         <run_address>0x1bc4</run_address>
         <size>0x70</size>
         <input_file_ref idref="fl-13c"/>
      </object_component>
      <object_component id="oc-137">
         <name>.const:g_pulXtals</name>
         <load_address>0x1c34</load_address>
         <run_address>0x1c34</run_address>
         <size>0x6c</size>
         <input_file_ref idref="fl-13e"/>
      </object_component>
      <object_component id="oc-191">
         <name>.const:.string:g_pucRIT128x96x4Init</name>
         <load_address>0x1ca0</load_address>
         <run_address>0x1ca0</run_address>
         <size>0x4f</size>
         <input_file_ref idref="fl-5"/>
      </object_component>
      <object_component id="oc-1ce">
         <name>.const</name>
         <load_address>0x1cf0</load_address>
         <run_address>0x1cf0</run_address>
         <size>0x48</size>
         <input_file_ref idref="fl-2"/>
      </object_component>
      <object_component id="oc-146">
         <name>.const</name>
         <load_address>0x1d38</load_address>
         <run_address>0x1d38</run_address>
         <size>0x40</size>
         <input_file_ref idref="fl-13e"/>
      </object_component>
      <object_component id="oc-18b">
         <name>.const:.string</name>
         <load_address>0x1d78</load_address>
         <run_address>0x1d78</run_address>
         <size>0xc</size>
         <input_file_ref idref="fl-5"/>
      </object_component>
      <object_component id="oc-266">
         <name>.cinit..data.load</name>
         <load_address>0x1d88</load_address>
         <run_address>0x1d88</run_address>
         <size>0x1b</size>
      </object_component>
      <object_component id="oc-263">
         <name>__TI_handler_table</name>
         <load_address>0x1da4</load_address>
         <run_address>0x1da4</run_address>
         <size>0xc</size>
      </object_component>
      <object_component id="oc-267">
         <name>.cinit..bss.load</name>
         <load_address>0x1db0</load_address>
         <run_address>0x1db0</run_address>
         <size>0x8</size>
      </object_component>
      <object_component id="oc-265">
         <name>.cinit..vtable.load</name>
         <load_address>0x1db8</load_address>
         <run_address>0x1db8</run_address>
         <size>0x8</size>
      </object_component>
      <object_component id="oc-264">
         <name>__TI_cinit_table</name>
         <load_address>0x1dc0</load_address>
         <run_address>0x1dc0</run_address>
         <size>0x18</size>
      </object_component>
      <object_component id="oc-1f4">
         <name>.vtable</name>
         <uninitialized>true</uninitialized>
         <run_address>0x20000000</run_address>
         <size>0x26c</size>
         <input_file_ref idref="fl-13c"/>
      </object_component>
      <object_component id="oc-29">
         <name>.sysmem</name>
         <uninitialized>true</uninitialized>
         <run_address>0x20000a70</run_address>
         <size>0x8</size>
         <input_file_ref idref="fl-133"/>
      </object_component>
      <object_component id="oc-269">
         <name>.sysmem</name>
         <uninitialized>true</uninitialized>
         <run_address>0x20000a70</run_address>
         <size>0x0</size>
      </object_component>
      <object_component id="oc-28">
         <name>.stack</name>
         <uninitialized>true</uninitialized>
         <run_address>0x2000026c</run_address>
         <size>0x0</size>
         <input_file_ref idref="fl-12d"/>
      </object_component>
      <object_component id="oc-268">
         <name>.stack</name>
         <uninitialized>true</uninitialized>
         <run_address>0x2000026c</run_address>
         <size>0x0</size>
      </object_component>
      <object_component id="oc-1d1">
         <name>.bss:buttonList</name>
         <uninitialized>true</uninitialized>
         <run_address>0x20001270</run_address>
         <size>0x48</size>
         <input_file_ref idref="fl-2"/>
      </object_component>
      <object_component id="oc-1d4">
         <name>.common:butIntCount</name>
         <uninitialized>true</uninitialized>
         <run_address>0x200012c8</run_address>
         <size>0x4</size>
      </object_component>
      <object_component id="oc-113">
         <name>.common:sysTick</name>
         <uninitialized>true</uninitialized>
         <run_address>0x200012d0</run_address>
         <size>0x4</size>
      </object_component>
      <object_component id="oc-15d">
         <name>.common:g_ulSSIFlags</name>
         <uninitialized>true</uninitialized>
         <run_address>0x200012cc</run_address>
         <size>0x4</size>
      </object_component>
      <object_component id="oc-18a">
         <name>.common:g_pucBuffer</name>
         <uninitialized>true</uninitialized>
         <run_address>0x200012b8</run_address>
         <size>0x8</size>
      </object_component>
      <object_component id="oc-19b">
         <name>.common:scheduler</name>
         <uninitialized>true</uninitialized>
         <run_address>0x200012c0</run_address>
         <size>0x8</size>
      </object_component>
      <object_component id="oc-a9">
         <name>.data</name>
         <load_address>0x200012e8</load_address>
         <run_address>0x200012e8</run_address>
         <size>0x8</size>
         <input_file_ref idref="fl-131"/>
      </object_component>
      <object_component id="oc-20f">
         <name>.data</name>
         <load_address>0x200012d4</load_address>
         <run_address>0x200012d4</run_address>
         <size>0xc</size>
         <input_file_ref idref="fl-133"/>
      </object_component>
      <object_component id="oc-72">
         <name>.data</name>
         <load_address>0x200012f0</load_address>
         <run_address>0x200012f0</run_address>
         <size>0x4</size>
         <input_file_ref idref="fl-136"/>
      </object_component>
      <object_component id="oc-a6">
         <name>.data</name>
         <load_address>0x200012e0</load_address>
         <run_address>0x200012e0</run_address>
         <size>0x8</size>
         <input_file_ref idref="fl-137"/>
      </object_component>
      <object_component id="oc-1d5">
         <name>.debug_info</name>
         <load_address>0x0</load_address>
         <run_address>0x0</run_address>
         <size>0x2b2</size>
         <input_file_ref idref="fl-2"/>
      </object_component>
      <object_component id="oc-1d2">
         <name>.debug_info</name>
         <load_address>0x2b2</load_address>
         <run_address>0x2b2</run_address>
         <size>0xc1</size>
         <input_file_ref idref="fl-2"/>
      </object_component>
      <object_component id="oc-1cf">
         <name>.debug_info</name>
         <load_address>0x373</load_address>
         <run_address>0x373</run_address>
         <size>0x154</size>
         <input_file_ref idref="fl-2"/>
      </object_component>
      <object_component id="oc-108">
         <name>.debug_info</name>
         <load_address>0x4c7</load_address>
         <run_address>0x4c7</run_address>
         <size>0x30e</size>
         <input_file_ref idref="fl-2"/>
      </object_component>
      <object_component id="oc-1d8">
         <name>.debug_info</name>
         <load_address>0x7d5</load_address>
         <run_address>0x7d5</run_address>
         <size>0xca</size>
         <input_file_ref idref="fl-2"/>
      </object_component>
      <object_component id="oc-7d">
         <name>.debug_info</name>
         <load_address>0x89f</load_address>
         <run_address>0x89f</run_address>
         <size>0x84</size>
         <input_file_ref idref="fl-2"/>
      </object_component>
      <object_component id="oc-1e4">
         <name>.debug_info</name>
         <load_address>0x923</load_address>
         <run_address>0x923</run_address>
         <size>0x2c</size>
         <input_file_ref idref="fl-2"/>
      </object_component>
      <object_component id="oc-34">
         <name>.debug_info</name>
         <load_address>0x94f</load_address>
         <run_address>0x94f</run_address>
         <size>0xed</size>
         <input_file_ref idref="fl-3"/>
      </object_component>
      <object_component id="oc-f">
         <name>.debug_info</name>
         <load_address>0xa3c</load_address>
         <run_address>0xa3c</run_address>
         <size>0xd3</size>
         <input_file_ref idref="fl-3"/>
      </object_component>
      <object_component id="oc-2e">
         <name>.debug_info</name>
         <load_address>0xb0f</load_address>
         <run_address>0xb0f</run_address>
         <size>0x226</size>
         <input_file_ref idref="fl-3"/>
      </object_component>
      <object_component id="oc-114">
         <name>.debug_info</name>
         <load_address>0xd35</load_address>
         <run_address>0xd35</run_address>
         <size>0x419</size>
         <input_file_ref idref="fl-4"/>
      </object_component>
      <object_component id="oc-9f">
         <name>.debug_info</name>
         <load_address>0x114e</load_address>
         <run_address>0x114e</run_address>
         <size>0x68a</size>
         <input_file_ref idref="fl-4"/>
      </object_component>
      <object_component id="oc-19f">
         <name>.debug_info</name>
         <load_address>0x17d8</load_address>
         <run_address>0x17d8</run_address>
         <size>0xbf</size>
         <input_file_ref idref="fl-4"/>
      </object_component>
      <object_component id="oc-8d">
         <name>.debug_info</name>
         <load_address>0x1897</load_address>
         <run_address>0x1897</run_address>
         <size>0x2c</size>
         <input_file_ref idref="fl-4"/>
      </object_component>
      <object_component id="oc-15e">
         <name>.debug_info</name>
         <load_address>0x18c3</load_address>
         <run_address>0x18c3</run_address>
         <size>0x3eb</size>
         <input_file_ref idref="fl-5"/>
      </object_component>
      <object_component id="oc-18c">
         <name>.debug_info</name>
         <load_address>0x1cae</load_address>
         <run_address>0x1cae</run_address>
         <size>0x131</size>
         <input_file_ref idref="fl-5"/>
      </object_component>
      <object_component id="oc-18f">
         <name>.debug_info</name>
         <load_address>0x1ddf</load_address>
         <run_address>0x1ddf</run_address>
         <size>0xc3</size>
         <input_file_ref idref="fl-5"/>
      </object_component>
      <object_component id="oc-192">
         <name>.debug_info</name>
         <load_address>0x1ea2</load_address>
         <run_address>0x1ea2</run_address>
         <size>0xd9</size>
         <input_file_ref idref="fl-5"/>
      </object_component>
      <object_component id="oc-fc">
         <name>.debug_info</name>
         <load_address>0x1f7b</load_address>
         <run_address>0x1f7b</run_address>
         <size>0xbfb</size>
         <input_file_ref idref="fl-5"/>
      </object_component>
      <object_component id="oc-19c">
         <name>.debug_info</name>
         <load_address>0x2b76</load_address>
         <run_address>0x2b76</run_address>
         <size>0x19c</size>
         <input_file_ref idref="fl-6"/>
      </object_component>
      <object_component id="oc-103">
         <name>.debug_info</name>
         <load_address>0x2d12</load_address>
         <run_address>0x2d12</run_address>
         <size>0x418</size>
         <input_file_ref idref="fl-6"/>
      </object_component>
      <object_component id="oc-21a">
         <name>.debug_info</name>
         <load_address>0x312a</load_address>
         <run_address>0x312a</run_address>
         <size>0x110</size>
         <input_file_ref idref="fl-6"/>
      </object_component>
      <object_component id="oc-215">
         <name>.debug_info</name>
         <load_address>0x323a</load_address>
         <run_address>0x323a</run_address>
         <size>0x6f</size>
         <input_file_ref idref="fl-6"/>
      </object_component>
      <object_component id="oc-24">
         <name>.debug_info</name>
         <load_address>0x32a9</load_address>
         <run_address>0x32a9</run_address>
         <size>0x138</size>
         <input_file_ref idref="fl-12d"/>
      </object_component>
      <object_component id="oc-40">
         <name>.debug_info</name>
         <load_address>0x33e1</load_address>
         <run_address>0x33e1</run_address>
         <size>0x123</size>
         <input_file_ref idref="fl-12e"/>
      </object_component>
      <object_component id="oc-14">
         <name>.debug_info</name>
         <load_address>0x3504</load_address>
         <run_address>0x3504</run_address>
         <size>0x1c2</size>
         <input_file_ref idref="fl-12e"/>
      </object_component>
      <object_component id="oc-3b">
         <name>.debug_info</name>
         <load_address>0x36c6</load_address>
         <run_address>0x36c6</run_address>
         <size>0x46</size>
         <input_file_ref idref="fl-12e"/>
      </object_component>
      <object_component id="oc-83">
         <name>.debug_info</name>
         <load_address>0x370c</load_address>
         <run_address>0x370c</run_address>
         <size>0x2c</size>
         <input_file_ref idref="fl-12e"/>
      </object_component>
      <object_component id="oc-48">
         <name>.debug_info</name>
         <load_address>0x3738</load_address>
         <run_address>0x3738</run_address>
         <size>0x117</size>
         <input_file_ref idref="fl-12f"/>
      </object_component>
      <object_component id="oc-43">
         <name>.debug_info</name>
         <load_address>0x384f</load_address>
         <run_address>0x384f</run_address>
         <size>0x22a</size>
         <input_file_ref idref="fl-12f"/>
      </object_component>
      <object_component id="oc-19">
         <name>.debug_info</name>
         <load_address>0x3a79</load_address>
         <run_address>0x3a79</run_address>
         <size>0x1bc</size>
         <input_file_ref idref="fl-12f"/>
      </object_component>
      <object_component id="oc-49">
         <name>.debug_info</name>
         <load_address>0x3c35</load_address>
         <run_address>0x3c35</run_address>
         <size>0x39</size>
         <input_file_ref idref="fl-12f"/>
      </object_component>
      <object_component id="oc-59">
         <name>.debug_info</name>
         <load_address>0x3c6e</load_address>
         <run_address>0x3c6e</run_address>
         <size>0x112</size>
         <input_file_ref idref="fl-130"/>
      </object_component>
      <object_component id="oc-20">
         <name>.debug_info</name>
         <load_address>0x3d80</load_address>
         <run_address>0x3d80</run_address>
         <size>0x18d</size>
         <input_file_ref idref="fl-130"/>
      </object_component>
      <object_component id="oc-54">
         <name>.debug_info</name>
         <load_address>0x3f0d</load_address>
         <run_address>0x3f0d</run_address>
         <size>0x46</size>
         <input_file_ref idref="fl-130"/>
      </object_component>
      <object_component id="oc-ad">
         <name>.debug_info</name>
         <load_address>0x3f53</load_address>
         <run_address>0x3f53</run_address>
         <size>0x174</size>
         <input_file_ref idref="fl-131"/>
      </object_component>
      <object_component id="oc-aa">
         <name>.debug_info</name>
         <load_address>0x40c7</load_address>
         <run_address>0x40c7</run_address>
         <size>0x119</size>
         <input_file_ref idref="fl-131"/>
      </object_component>
      <object_component id="oc-6f">
         <name>.debug_info</name>
         <load_address>0x41e0</load_address>
         <run_address>0x41e0</run_address>
         <size>0x1f0</size>
         <input_file_ref idref="fl-131"/>
      </object_component>
      <object_component id="oc-36">
         <name>.debug_info</name>
         <load_address>0x43d0</load_address>
         <run_address>0x43d0</run_address>
         <size>0xfa</size>
         <input_file_ref idref="fl-132"/>
      </object_component>
      <object_component id="oc-78">
         <name>.debug_info</name>
         <load_address>0x44ca</load_address>
         <run_address>0x44ca</run_address>
         <size>0x205</size>
         <input_file_ref idref="fl-133"/>
      </object_component>
      <object_component id="oc-2a">
         <name>.debug_info</name>
         <load_address>0x46cf</load_address>
         <run_address>0x46cf</run_address>
         <size>0xe4</size>
         <input_file_ref idref="fl-133"/>
      </object_component>
      <object_component id="oc-210">
         <name>.debug_info</name>
         <load_address>0x47b3</load_address>
         <run_address>0x47b3</run_address>
         <size>0x12f</size>
         <input_file_ref idref="fl-133"/>
      </object_component>
      <object_component id="oc-197">
         <name>.debug_info</name>
         <load_address>0x48e2</load_address>
         <run_address>0x48e2</run_address>
         <size>0x883</size>
         <input_file_ref idref="fl-133"/>
      </object_component>
      <object_component id="oc-b3">
         <name>.debug_info</name>
         <load_address>0x5165</load_address>
         <run_address>0x5165</run_address>
         <size>0x2c</size>
         <input_file_ref idref="fl-133"/>
      </object_component>
      <object_component id="oc-b8">
         <name>.debug_info</name>
         <load_address>0x5191</load_address>
         <run_address>0x5191</run_address>
         <size>0x62</size>
         <input_file_ref idref="fl-133"/>
      </object_component>
      <object_component id="oc-51">
         <name>.debug_info</name>
         <load_address>0x51f3</load_address>
         <run_address>0x51f3</run_address>
         <size>0x12a</size>
         <input_file_ref idref="fl-134"/>
      </object_component>
      <object_component id="oc-5b">
         <name>.debug_info</name>
         <load_address>0x531d</load_address>
         <run_address>0x531d</run_address>
         <size>0x12b</size>
         <input_file_ref idref="fl-135"/>
      </object_component>
      <object_component id="oc-73">
         <name>.debug_info</name>
         <load_address>0x5448</load_address>
         <run_address>0x5448</run_address>
         <size>0xec</size>
         <input_file_ref idref="fl-136"/>
      </object_component>
      <object_component id="oc-126">
         <name>.debug_info</name>
         <load_address>0x5534</load_address>
         <run_address>0x5534</run_address>
         <size>0x107</size>
         <input_file_ref idref="fl-137"/>
      </object_component>
      <object_component id="oc-a7">
         <name>.debug_info</name>
         <load_address>0x563b</load_address>
         <run_address>0x563b</run_address>
         <size>0xf6</size>
         <input_file_ref idref="fl-137"/>
      </object_component>
      <object_component id="oc-120">
         <name>.debug_info</name>
         <load_address>0x5731</load_address>
         <run_address>0x5731</run_address>
         <size>0x202</size>
         <input_file_ref idref="fl-137"/>
      </object_component>
      <object_component id="oc-a5">
         <name>.debug_info</name>
         <load_address>0x5933</load_address>
         <run_address>0x5933</run_address>
         <size>0x149</size>
         <input_file_ref idref="fl-138"/>
      </object_component>
      <object_component id="oc-67">
         <name>.debug_info</name>
         <load_address>0x5a7c</load_address>
         <run_address>0x5a7c</run_address>
         <size>0x14a</size>
         <input_file_ref idref="fl-138"/>
      </object_component>
      <object_component id="oc-119">
         <name>.debug_info</name>
         <load_address>0x5bc6</load_address>
         <run_address>0x5bc6</run_address>
         <size>0x5e</size>
         <input_file_ref idref="fl-138"/>
      </object_component>
      <object_component id="oc-9d">
         <name>.debug_info</name>
         <load_address>0x5c24</load_address>
         <run_address>0x5c24</run_address>
         <size>0x2a0</size>
         <input_file_ref idref="fl-139"/>
      </object_component>
      <object_component id="oc-61">
         <name>.debug_info</name>
         <load_address>0x5ec4</load_address>
         <run_address>0x5ec4</run_address>
         <size>0x194</size>
         <input_file_ref idref="fl-139"/>
      </object_component>
      <object_component id="oc-c1">
         <name>.debug_info</name>
         <load_address>0x6058</load_address>
         <run_address>0x6058</run_address>
         <size>0x39</size>
         <input_file_ref idref="fl-139"/>
      </object_component>
      <object_component id="oc-c6">
         <name>.debug_info</name>
         <load_address>0x6091</load_address>
         <run_address>0x6091</run_address>
         <size>0xcd</size>
         <input_file_ref idref="fl-139"/>
      </object_component>
      <object_component id="oc-be">
         <name>.debug_info</name>
         <load_address>0x615e</load_address>
         <run_address>0x615e</run_address>
         <size>0x1c3</size>
         <input_file_ref idref="fl-13a"/>
      </object_component>
      <object_component id="oc-97">
         <name>.debug_info</name>
         <load_address>0x6321</load_address>
         <run_address>0x6321</run_address>
         <size>0x17f</size>
         <input_file_ref idref="fl-13a"/>
      </object_component>
      <object_component id="oc-12e">
         <name>.debug_info</name>
         <load_address>0x64a0</load_address>
         <run_address>0x64a0</run_address>
         <size>0x2c</size>
         <input_file_ref idref="fl-13a"/>
      </object_component>
      <object_component id="oc-1fe">
         <name>.debug_info</name>
         <load_address>0x64cc</load_address>
         <run_address>0x64cc</run_address>
         <size>0x19d</size>
         <input_file_ref idref="fl-13b"/>
      </object_component>
      <object_component id="oc-221">
         <name>.debug_info</name>
         <load_address>0x6669</load_address>
         <run_address>0x6669</run_address>
         <size>0x1d5</size>
         <input_file_ref idref="fl-13b"/>
      </object_component>
      <object_component id="oc-1a6">
         <name>.debug_info</name>
         <load_address>0x683e</load_address>
         <run_address>0x683e</run_address>
         <size>0x204</size>
         <input_file_ref idref="fl-13b"/>
      </object_component>
      <object_component id="oc-153">
         <name>.debug_info</name>
         <load_address>0x6a42</load_address>
         <run_address>0x6a42</run_address>
         <size>0x1c7</size>
         <input_file_ref idref="fl-13b"/>
      </object_component>
      <object_component id="oc-1ac">
         <name>.debug_info</name>
         <load_address>0x6c09</load_address>
         <run_address>0x6c09</run_address>
         <size>0x1d3</size>
         <input_file_ref idref="fl-13b"/>
      </object_component>
      <object_component id="oc-174">
         <name>.debug_info</name>
         <load_address>0x6ddc</load_address>
         <run_address>0x6ddc</run_address>
         <size>0x219</size>
         <input_file_ref idref="fl-13b"/>
      </object_component>
      <object_component id="oc-16e">
         <name>.debug_info</name>
         <load_address>0x6ff5</load_address>
         <run_address>0x6ff5</run_address>
         <size>0x1a7</size>
         <input_file_ref idref="fl-13b"/>
      </object_component>
      <object_component id="oc-186">
         <name>.debug_info</name>
         <load_address>0x719c</load_address>
         <run_address>0x719c</run_address>
         <size>0x1b5</size>
         <input_file_ref idref="fl-13b"/>
      </object_component>
      <object_component id="oc-1ca">
         <name>.debug_info</name>
         <load_address>0x7351</load_address>
         <run_address>0x7351</run_address>
         <size>0x1a3</size>
         <input_file_ref idref="fl-13b"/>
      </object_component>
      <object_component id="oc-1b8">
         <name>.debug_info</name>
         <load_address>0x74f4</load_address>
         <run_address>0x74f4</run_address>
         <size>0x1a9</size>
         <input_file_ref idref="fl-13b"/>
      </object_component>
      <object_component id="oc-1c4">
         <name>.debug_info</name>
         <load_address>0x769d</load_address>
         <run_address>0x769d</run_address>
         <size>0x1a7</size>
         <input_file_ref idref="fl-13b"/>
      </object_component>
      <object_component id="oc-1b3">
         <name>.debug_info</name>
         <load_address>0x7844</load_address>
         <run_address>0x7844</run_address>
         <size>0x1db</size>
         <input_file_ref idref="fl-13b"/>
      </object_component>
      <object_component id="oc-1f8">
         <name>.debug_info</name>
         <load_address>0x7a1f</load_address>
         <run_address>0x7a1f</run_address>
         <size>0x1a4</size>
         <input_file_ref idref="fl-13c"/>
      </object_component>
      <object_component id="oc-22a">
         <name>.debug_info</name>
         <load_address>0x7bc3</load_address>
         <run_address>0x7bc3</run_address>
         <size>0x194</size>
         <input_file_ref idref="fl-13c"/>
      </object_component>
      <object_component id="oc-1f5">
         <name>.debug_info</name>
         <load_address>0x7d57</load_address>
         <run_address>0x7d57</run_address>
         <size>0xf3</size>
         <input_file_ref idref="fl-13c"/>
      </object_component>
      <object_component id="oc-13e">
         <name>.debug_info</name>
         <load_address>0x7e4a</load_address>
         <run_address>0x7e4a</run_address>
         <size>0x1e9</size>
         <input_file_ref idref="fl-13c"/>
      </object_component>
      <object_component id="oc-10e">
         <name>.debug_info</name>
         <load_address>0x8033</load_address>
         <run_address>0x8033</run_address>
         <size>0x172</size>
         <input_file_ref idref="fl-13c"/>
      </object_component>
      <object_component id="oc-1bd">
         <name>.debug_info</name>
         <load_address>0x81a5</load_address>
         <run_address>0x81a5</run_address>
         <size>0x194</size>
         <input_file_ref idref="fl-13c"/>
      </object_component>
      <object_component id="oc-1fc">
         <name>.debug_info</name>
         <load_address>0x8339</load_address>
         <run_address>0x8339</run_address>
         <size>0x1a7</size>
         <input_file_ref idref="fl-13d"/>
      </object_component>
      <object_component id="oc-179">
         <name>.debug_info</name>
         <load_address>0x84e0</load_address>
         <run_address>0x84e0</run_address>
         <size>0x16e</size>
         <input_file_ref idref="fl-13d"/>
      </object_component>
      <object_component id="oc-161">
         <name>.debug_info</name>
         <load_address>0x864e</load_address>
         <run_address>0x864e</run_address>
         <size>0x170</size>
         <input_file_ref idref="fl-13d"/>
      </object_component>
      <object_component id="oc-158">
         <name>.debug_info</name>
         <load_address>0x87be</load_address>
         <run_address>0x87be</run_address>
         <size>0x19a</size>
         <input_file_ref idref="fl-13d"/>
      </object_component>
      <object_component id="oc-17f">
         <name>.debug_info</name>
         <load_address>0x8958</load_address>
         <run_address>0x8958</run_address>
         <size>0x1be</size>
         <input_file_ref idref="fl-13d"/>
      </object_component>
      <object_component id="oc-167">
         <name>.debug_info</name>
         <load_address>0x8b16</load_address>
         <run_address>0x8b16</run_address>
         <size>0x2d0</size>
         <input_file_ref idref="fl-13d"/>
      </object_component>
      <object_component id="oc-14c">
         <name>.debug_info</name>
         <load_address>0x8de6</load_address>
         <run_address>0x8de6</run_address>
         <size>0x16e</size>
         <input_file_ref idref="fl-13d"/>
      </object_component>
      <object_component id="oc-135">
         <name>.debug_info</name>
         <load_address>0x8f54</load_address>
         <run_address>0x8f54</run_address>
         <size>0x292</size>
         <input_file_ref idref="fl-13e"/>
      </object_component>
      <object_component id="oc-147">
         <name>.debug_info</name>
         <load_address>0x91e6</load_address>
         <run_address>0x91e6</run_address>
         <size>0x18f</size>
         <input_file_ref idref="fl-13e"/>
      </object_component>
      <object_component id="oc-138">
         <name>.debug_info</name>
         <load_address>0x9375</load_address>
         <run_address>0x9375</run_address>
         <size>0xe5</size>
         <input_file_ref idref="fl-13e"/>
      </object_component>
      <object_component id="oc-f0">
         <name>.debug_info</name>
         <load_address>0x945a</load_address>
         <run_address>0x945a</run_address>
         <size>0x1bf</size>
         <input_file_ref idref="fl-13e"/>
      </object_component>
      <object_component id="oc-f6">
         <name>.debug_info</name>
         <load_address>0x9619</load_address>
         <run_address>0x9619</run_address>
         <size>0x1a9</size>
         <input_file_ref idref="fl-13e"/>
      </object_component>
      <object_component id="oc-cc">
         <name>.debug_info</name>
         <load_address>0x97c2</load_address>
         <run_address>0x97c2</run_address>
         <size>0x1fe</size>
         <input_file_ref idref="fl-13e"/>
      </object_component>
      <object_component id="oc-d2">
         <name>.debug_info</name>
         <load_address>0x99c0</load_address>
         <run_address>0x99c0</run_address>
         <size>0x1d7</size>
         <input_file_ref idref="fl-13e"/>
      </object_component>
      <object_component id="oc-13c">
         <name>.debug_info</name>
         <load_address>0x9b97</load_address>
         <run_address>0x9b97</run_address>
         <size>0x133</size>
         <input_file_ref idref="fl-13f"/>
      </object_component>
      <object_component id="oc-d8">
         <name>.debug_info</name>
         <load_address>0x9cca</load_address>
         <run_address>0x9cca</run_address>
         <size>0x18d</size>
         <input_file_ref idref="fl-13f"/>
      </object_component>
      <object_component id="oc-de">
         <name>.debug_info</name>
         <load_address>0x9e57</load_address>
         <run_address>0x9e57</run_address>
         <size>0x1ab</size>
         <input_file_ref idref="fl-13f"/>
      </object_component>
      <object_component id="oc-e5">
         <name>.debug_info</name>
         <load_address>0xa002</load_address>
         <run_address>0xa002</run_address>
         <size>0x15b</size>
         <input_file_ref idref="fl-13f"/>
      </object_component>
      <object_component id="oc-ea">
         <name>.debug_info</name>
         <load_address>0xa15d</load_address>
         <run_address>0xa15d</run_address>
         <size>0x155</size>
         <input_file_ref idref="fl-13f"/>
      </object_component>
      <object_component id="oc-1e0">
         <name>.debug_info</name>
         <load_address>0xa2b2</load_address>
         <run_address>0xa2b2</run_address>
         <size>0x146</size>
         <input_file_ref idref="fl-140"/>
      </object_component>
      <object_component id="oc-26a">
         <name>.debug_info</name>
         <load_address>0xa3f8</load_address>
         <run_address>0xa3f8</run_address>
         <size>0x91</size>
      </object_component>
      <object_component id="oc-234">
         <name>.debug_line</name>
         <load_address>0x0</load_address>
         <run_address>0x0</run_address>
         <size>0xaa</size>
         <input_file_ref idref="fl-2"/>
      </object_component>
      <object_component id="oc-232">
         <name>.debug_line</name>
         <load_address>0xaa</load_address>
         <run_address>0xaa</run_address>
         <size>0x2f</size>
         <input_file_ref idref="fl-2"/>
      </object_component>
      <object_component id="oc-230">
         <name>.debug_line</name>
         <load_address>0xd9</load_address>
         <run_address>0xd9</run_address>
         <size>0x2f</size>
         <input_file_ref idref="fl-2"/>
      </object_component>
      <object_component id="oc-10c">
         <name>.debug_line</name>
         <load_address>0x108</load_address>
         <run_address>0x108</run_address>
         <size>0xc1</size>
         <input_file_ref idref="fl-2"/>
      </object_component>
      <object_component id="oc-1db">
         <name>.debug_line</name>
         <load_address>0x1c9</load_address>
         <run_address>0x1c9</run_address>
         <size>0x2f</size>
         <input_file_ref idref="fl-2"/>
      </object_component>
      <object_component id="oc-80">
         <name>.debug_line</name>
         <load_address>0x1f8</load_address>
         <run_address>0x1f8</run_address>
         <size>0x20</size>
         <input_file_ref idref="fl-2"/>
      </object_component>
      <object_component id="oc-1e7">
         <name>.debug_line</name>
         <load_address>0x218</load_address>
         <run_address>0x218</run_address>
         <size>0x59</size>
         <input_file_ref idref="fl-2"/>
      </object_component>
      <object_component id="oc-7c">
         <name>.debug_line</name>
         <load_address>0x271</load_address>
         <run_address>0x271</run_address>
         <size>0x3d</size>
         <input_file_ref idref="fl-3"/>
      </object_component>
      <object_component id="oc-33">
         <name>.debug_line</name>
         <load_address>0x2ae</load_address>
         <run_address>0x2ae</run_address>
         <size>0x3d</size>
         <input_file_ref idref="fl-3"/>
      </object_component>
      <object_component id="oc-31">
         <name>.debug_line</name>
         <load_address>0x2eb</load_address>
         <run_address>0x2eb</run_address>
         <size>0x9d</size>
         <input_file_ref idref="fl-3"/>
      </object_component>
      <object_component id="oc-1ea">
         <name>.debug_line</name>
         <load_address>0x388</load_address>
         <run_address>0x388</run_address>
         <size>0x157</size>
         <input_file_ref idref="fl-4"/>
      </object_component>
      <object_component id="oc-a3">
         <name>.debug_line</name>
         <load_address>0x4df</load_address>
         <run_address>0x4df</run_address>
         <size>0x11e</size>
         <input_file_ref idref="fl-4"/>
      </object_component>
      <object_component id="oc-1a2">
         <name>.debug_line</name>
         <load_address>0x5fd</load_address>
         <run_address>0x5fd</run_address>
         <size>0x2d</size>
         <input_file_ref idref="fl-4"/>
      </object_component>
      <object_component id="oc-90">
         <name>.debug_line</name>
         <load_address>0x62a</load_address>
         <run_address>0x62a</run_address>
         <size>0x60</size>
         <input_file_ref idref="fl-4"/>
      </object_component>
      <object_component id="oc-201">
         <name>.debug_line</name>
         <load_address>0x68a</load_address>
         <run_address>0x68a</run_address>
         <size>0xe6</size>
         <input_file_ref idref="fl-5"/>
      </object_component>
      <object_component id="oc-20a">
         <name>.debug_line</name>
         <load_address>0x770</load_address>
         <run_address>0x770</run_address>
         <size>0x34</size>
         <input_file_ref idref="fl-5"/>
      </object_component>
      <object_component id="oc-20c">
         <name>.debug_line</name>
         <load_address>0x7a4</load_address>
         <run_address>0x7a4</run_address>
         <size>0x34</size>
         <input_file_ref idref="fl-5"/>
      </object_component>
      <object_component id="oc-20e">
         <name>.debug_line</name>
         <load_address>0x7d8</load_address>
         <run_address>0x7d8</run_address>
         <size>0x34</size>
         <input_file_ref idref="fl-5"/>
      </object_component>
      <object_component id="oc-ff">
         <name>.debug_line</name>
         <load_address>0x80c</load_address>
         <run_address>0x80c</run_address>
         <size>0x27f</size>
         <input_file_ref idref="fl-5"/>
      </object_component>
      <object_component id="oc-214">
         <name>.debug_line</name>
         <load_address>0xa8b</load_address>
         <run_address>0xa8b</run_address>
         <size>0xad</size>
         <input_file_ref idref="fl-6"/>
      </object_component>
      <object_component id="oc-102">
         <name>.debug_line</name>
         <load_address>0xb38</load_address>
         <run_address>0xb38</run_address>
         <size>0x10c</size>
         <input_file_ref idref="fl-6"/>
      </object_component>
      <object_component id="oc-21d">
         <name>.debug_line</name>
         <load_address>0xc44</load_address>
         <run_address>0xc44</run_address>
         <size>0x60</size>
         <input_file_ref idref="fl-6"/>
      </object_component>
      <object_component id="oc-218">
         <name>.debug_line</name>
         <load_address>0xca4</load_address>
         <run_address>0xca4</run_address>
         <size>0x2d</size>
         <input_file_ref idref="fl-6"/>
      </object_component>
      <object_component id="oc-27">
         <name>.debug_line</name>
         <load_address>0xcd1</load_address>
         <run_address>0xcd1</run_address>
         <size>0x4c</size>
         <input_file_ref idref="fl-12d"/>
      </object_component>
      <object_component id="oc-89">
         <name>.debug_line</name>
         <load_address>0xd1d</load_address>
         <run_address>0xd1d</run_address>
         <size>0x72</size>
         <input_file_ref idref="fl-12e"/>
      </object_component>
      <object_component id="oc-13">
         <name>.debug_line</name>
         <load_address>0xd8f</load_address>
         <run_address>0xd8f</run_address>
         <size>0x55</size>
         <input_file_ref idref="fl-12e"/>
      </object_component>
      <object_component id="oc-3e">
         <name>.debug_line</name>
         <load_address>0xde4</load_address>
         <run_address>0xde4</run_address>
         <size>0x3a</size>
         <input_file_ref idref="fl-12e"/>
      </object_component>
      <object_component id="oc-86">
         <name>.debug_line</name>
         <load_address>0xe1e</load_address>
         <run_address>0xe1e</run_address>
         <size>0x72</size>
         <input_file_ref idref="fl-12e"/>
      </object_component>
      <object_component id="oc-8c">
         <name>.debug_line</name>
         <load_address>0xe90</load_address>
         <run_address>0xe90</run_address>
         <size>0x72</size>
         <input_file_ref idref="fl-12f"/>
      </object_component>
      <object_component id="oc-42">
         <name>.debug_line</name>
         <load_address>0xf02</load_address>
         <run_address>0xf02</run_address>
         <size>0x98</size>
         <input_file_ref idref="fl-12f"/>
      </object_component>
      <object_component id="oc-18">
         <name>.debug_line</name>
         <load_address>0xf9a</load_address>
         <run_address>0xf9a</run_address>
         <size>0x4b</size>
         <input_file_ref idref="fl-12f"/>
      </object_component>
      <object_component id="oc-4c">
         <name>.debug_line</name>
         <load_address>0xfe5</load_address>
         <run_address>0xfe5</run_address>
         <size>0x39</size>
         <input_file_ref idref="fl-12f"/>
      </object_component>
      <object_component id="oc-94">
         <name>.debug_line</name>
         <load_address>0x101e</load_address>
         <run_address>0x101e</run_address>
         <size>0x72</size>
         <input_file_ref idref="fl-130"/>
      </object_component>
      <object_component id="oc-1f">
         <name>.debug_line</name>
         <load_address>0x1090</load_address>
         <run_address>0x1090</run_address>
         <size>0x4f</size>
         <input_file_ref idref="fl-130"/>
      </object_component>
      <object_component id="oc-57">
         <name>.debug_line</name>
         <load_address>0x10df</load_address>
         <run_address>0x10df</run_address>
         <size>0x34</size>
         <input_file_ref idref="fl-130"/>
      </object_component>
      <object_component id="oc-12b">
         <name>.debug_line</name>
         <load_address>0x1113</load_address>
         <run_address>0x1113</run_address>
         <size>0x71</size>
         <input_file_ref idref="fl-131"/>
      </object_component>
      <object_component id="oc-129">
         <name>.debug_line</name>
         <load_address>0x1184</load_address>
         <run_address>0x1184</run_address>
         <size>0x2a</size>
         <input_file_ref idref="fl-131"/>
      </object_component>
      <object_component id="oc-71">
         <name>.debug_line</name>
         <load_address>0x11ae</load_address>
         <run_address>0x11ae</run_address>
         <size>0x7a</size>
         <input_file_ref idref="fl-131"/>
      </object_component>
      <object_component id="oc-39">
         <name>.debug_line</name>
         <load_address>0x1228</load_address>
         <run_address>0x1228</run_address>
         <size>0x88</size>
         <input_file_ref idref="fl-132"/>
      </object_component>
      <object_component id="oc-b2">
         <name>.debug_line</name>
         <load_address>0x12b0</load_address>
         <run_address>0x12b0</run_address>
         <size>0xcf</size>
         <input_file_ref idref="fl-133"/>
      </object_component>
      <object_component id="oc-77">
         <name>.debug_line</name>
         <load_address>0x137f</load_address>
         <run_address>0x137f</run_address>
         <size>0x2c</size>
         <input_file_ref idref="fl-133"/>
      </object_component>
      <object_component id="oc-23f">
         <name>.debug_line</name>
         <load_address>0x13ab</load_address>
         <run_address>0x13ab</run_address>
         <size>0x2c</size>
         <input_file_ref idref="fl-133"/>
      </object_component>
      <object_component id="oc-196">
         <name>.debug_line</name>
         <load_address>0x13d7</load_address>
         <run_address>0x13d7</run_address>
         <size>0x314</size>
         <input_file_ref idref="fl-133"/>
      </object_component>
      <object_component id="oc-b6">
         <name>.debug_line</name>
         <load_address>0x16eb</load_address>
         <run_address>0x16eb</run_address>
         <size>0x72</size>
         <input_file_ref idref="fl-133"/>
      </object_component>
      <object_component id="oc-bb">
         <name>.debug_line</name>
         <load_address>0x175d</load_address>
         <run_address>0x175d</run_address>
         <size>0x2c</size>
         <input_file_ref idref="fl-133"/>
      </object_component>
      <object_component id="oc-50">
         <name>.debug_line</name>
         <load_address>0x1789</load_address>
         <run_address>0x1789</run_address>
         <size>0x79</size>
         <input_file_ref idref="fl-134"/>
      </object_component>
      <object_component id="oc-5e">
         <name>.debug_line</name>
         <load_address>0x1802</load_address>
         <run_address>0x1802</run_address>
         <size>0x40</size>
         <input_file_ref idref="fl-135"/>
      </object_component>
      <object_component id="oc-b0">
         <name>.debug_line</name>
         <load_address>0x1842</load_address>
         <run_address>0x1842</run_address>
         <size>0x33</size>
         <input_file_ref idref="fl-136"/>
      </object_component>
      <object_component id="oc-1ed">
         <name>.debug_line</name>
         <load_address>0x1875</load_address>
         <run_address>0x1875</run_address>
         <size>0x20</size>
         <input_file_ref idref="fl-137"/>
      </object_component>
      <object_component id="oc-125">
         <name>.debug_line</name>
         <load_address>0x1895</load_address>
         <run_address>0x1895</run_address>
         <size>0x2b</size>
         <input_file_ref idref="fl-137"/>
      </object_component>
      <object_component id="oc-11f">
         <name>.debug_line</name>
         <load_address>0x18c0</load_address>
         <run_address>0x18c0</run_address>
         <size>0x68</size>
         <input_file_ref idref="fl-137"/>
      </object_component>
      <object_component id="oc-118">
         <name>.debug_line</name>
         <load_address>0x1928</load_address>
         <run_address>0x1928</run_address>
         <size>0x2b</size>
         <input_file_ref idref="fl-138"/>
      </object_component>
      <object_component id="oc-6a">
         <name>.debug_line</name>
         <load_address>0x1953</load_address>
         <run_address>0x1953</run_address>
         <size>0x50</size>
         <input_file_ref idref="fl-138"/>
      </object_component>
      <object_component id="oc-11c">
         <name>.debug_line</name>
         <load_address>0x19a3</load_address>
         <run_address>0x19a3</run_address>
         <size>0x2b</size>
         <input_file_ref idref="fl-138"/>
      </object_component>
      <object_component id="oc-c0">
         <name>.debug_line</name>
         <load_address>0x19ce</load_address>
         <run_address>0x19ce</run_address>
         <size>0x81</size>
         <input_file_ref idref="fl-139"/>
      </object_component>
      <object_component id="oc-64">
         <name>.debug_line</name>
         <load_address>0x1a4f</load_address>
         <run_address>0x1a4f</run_address>
         <size>0x7a</size>
         <input_file_ref idref="fl-139"/>
      </object_component>
      <object_component id="oc-c4">
         <name>.debug_line</name>
         <load_address>0x1ac9</load_address>
         <run_address>0x1ac9</run_address>
         <size>0x2e</size>
         <input_file_ref idref="fl-139"/>
      </object_component>
      <object_component id="oc-c9">
         <name>.debug_line</name>
         <load_address>0x1af7</load_address>
         <run_address>0x1af7</run_address>
         <size>0x73</size>
         <input_file_ref idref="fl-139"/>
      </object_component>
      <object_component id="oc-12d">
         <name>.debug_line</name>
         <load_address>0x1b6a</load_address>
         <run_address>0x1b6a</run_address>
         <size>0x80</size>
         <input_file_ref idref="fl-13a"/>
      </object_component>
      <object_component id="oc-9a">
         <name>.debug_line</name>
         <load_address>0x1bea</load_address>
         <run_address>0x1bea</run_address>
         <size>0x68</size>
         <input_file_ref idref="fl-13a"/>
      </object_component>
      <object_component id="oc-131">
         <name>.debug_line</name>
         <load_address>0x1c52</load_address>
         <run_address>0x1c52</run_address>
         <size>0x2e</size>
         <input_file_ref idref="fl-13a"/>
      </object_component>
      <object_component id="oc-23d">
         <name>.debug_line</name>
         <load_address>0x1c80</load_address>
         <run_address>0x1c80</run_address>
         <size>0x4e</size>
         <input_file_ref idref="fl-13b"/>
      </object_component>
      <object_component id="oc-224">
         <name>.debug_line</name>
         <load_address>0x1cce</load_address>
         <run_address>0x1cce</run_address>
         <size>0x93</size>
         <input_file_ref idref="fl-13b"/>
      </object_component>
      <object_component id="oc-1a9">
         <name>.debug_line</name>
         <load_address>0x1d61</load_address>
         <run_address>0x1d61</run_address>
         <size>0x65</size>
         <input_file_ref idref="fl-13b"/>
      </object_component>
      <object_component id="oc-156">
         <name>.debug_line</name>
         <load_address>0x1dc6</load_address>
         <run_address>0x1dc6</run_address>
         <size>0x5e</size>
         <input_file_ref idref="fl-13b"/>
      </object_component>
      <object_component id="oc-1af">
         <name>.debug_line</name>
         <load_address>0x1e24</load_address>
         <run_address>0x1e24</run_address>
         <size>0x61</size>
         <input_file_ref idref="fl-13b"/>
      </object_component>
      <object_component id="oc-177">
         <name>.debug_line</name>
         <load_address>0x1e85</load_address>
         <run_address>0x1e85</run_address>
         <size>0x78</size>
         <input_file_ref idref="fl-13b"/>
      </object_component>
      <object_component id="oc-171">
         <name>.debug_line</name>
         <load_address>0x1efd</load_address>
         <run_address>0x1efd</run_address>
         <size>0x5f</size>
         <input_file_ref idref="fl-13b"/>
      </object_component>
      <object_component id="oc-189">
         <name>.debug_line</name>
         <load_address>0x1f5c</load_address>
         <run_address>0x1f5c</run_address>
         <size>0x5f</size>
         <input_file_ref idref="fl-13b"/>
      </object_component>
      <object_component id="oc-1cd">
         <name>.debug_line</name>
         <load_address>0x1fbb</load_address>
         <run_address>0x1fbb</run_address>
         <size>0x5e</size>
         <input_file_ref idref="fl-13b"/>
      </object_component>
      <object_component id="oc-1bb">
         <name>.debug_line</name>
         <load_address>0x2019</load_address>
         <run_address>0x2019</run_address>
         <size>0x5e</size>
         <input_file_ref idref="fl-13b"/>
      </object_component>
      <object_component id="oc-1c7">
         <name>.debug_line</name>
         <load_address>0x2077</load_address>
         <run_address>0x2077</run_address>
         <size>0x5e</size>
         <input_file_ref idref="fl-13b"/>
      </object_component>
      <object_component id="oc-1b1">
         <name>.debug_line</name>
         <load_address>0x20d5</load_address>
         <run_address>0x20d5</run_address>
         <size>0x62</size>
         <input_file_ref idref="fl-13b"/>
      </object_component>
      <object_component id="oc-239">
         <name>.debug_line</name>
         <load_address>0x2137</load_address>
         <run_address>0x2137</run_address>
         <size>0x48</size>
         <input_file_ref idref="fl-13c"/>
      </object_component>
      <object_component id="oc-242">
         <name>.debug_line</name>
         <load_address>0x217f</load_address>
         <run_address>0x217f</run_address>
         <size>0x4e</size>
         <input_file_ref idref="fl-13c"/>
      </object_component>
      <object_component id="oc-237">
         <name>.debug_line</name>
         <load_address>0x21cd</load_address>
         <run_address>0x21cd</run_address>
         <size>0x4e</size>
         <input_file_ref idref="fl-13c"/>
      </object_component>
      <object_component id="oc-142">
         <name>.debug_line</name>
         <load_address>0x221b</load_address>
         <run_address>0x221b</run_address>
         <size>0x7b</size>
         <input_file_ref idref="fl-13c"/>
      </object_component>
      <object_component id="oc-112">
         <name>.debug_line</name>
         <load_address>0x2296</load_address>
         <run_address>0x2296</run_address>
         <size>0x63</size>
         <input_file_ref idref="fl-13c"/>
      </object_component>
      <object_component id="oc-1c0">
         <name>.debug_line</name>
         <load_address>0x22f9</load_address>
         <run_address>0x22f9</run_address>
         <size>0x8e</size>
         <input_file_ref idref="fl-13c"/>
      </object_component>
      <object_component id="oc-23b">
         <name>.debug_line</name>
         <load_address>0x2387</load_address>
         <run_address>0x2387</run_address>
         <size>0x4e</size>
         <input_file_ref idref="fl-13d"/>
      </object_component>
      <object_component id="oc-17c">
         <name>.debug_line</name>
         <load_address>0x23d5</load_address>
         <run_address>0x23d5</run_address>
         <size>0x5d</size>
         <input_file_ref idref="fl-13d"/>
      </object_component>
      <object_component id="oc-164">
         <name>.debug_line</name>
         <load_address>0x2432</load_address>
         <run_address>0x2432</run_address>
         <size>0x5d</size>
         <input_file_ref idref="fl-13d"/>
      </object_component>
      <object_component id="oc-15b">
         <name>.debug_line</name>
         <load_address>0x248f</load_address>
         <run_address>0x248f</run_address>
         <size>0x60</size>
         <input_file_ref idref="fl-13d"/>
      </object_component>
      <object_component id="oc-182">
         <name>.debug_line</name>
         <load_address>0x24ef</load_address>
         <run_address>0x24ef</run_address>
         <size>0x63</size>
         <input_file_ref idref="fl-13d"/>
      </object_component>
      <object_component id="oc-16a">
         <name>.debug_line</name>
         <load_address>0x2552</load_address>
         <run_address>0x2552</run_address>
         <size>0x6d</size>
         <input_file_ref idref="fl-13d"/>
      </object_component>
      <object_component id="oc-14f">
         <name>.debug_line</name>
         <load_address>0x25bf</load_address>
         <run_address>0x25bf</run_address>
         <size>0x5d</size>
         <input_file_ref idref="fl-13d"/>
      </object_component>
      <object_component id="oc-1ef">
         <name>.debug_line</name>
         <load_address>0x261c</load_address>
         <run_address>0x261c</run_address>
         <size>0xcc</size>
         <input_file_ref idref="fl-13e"/>
      </object_component>
      <object_component id="oc-1fa">
         <name>.debug_line</name>
         <load_address>0x26e8</load_address>
         <run_address>0x26e8</run_address>
         <size>0x4b</size>
         <input_file_ref idref="fl-13e"/>
      </object_component>
      <object_component id="oc-1f1">
         <name>.debug_line</name>
         <load_address>0x2733</load_address>
         <run_address>0x2733</run_address>
         <size>0x4b</size>
         <input_file_ref idref="fl-13e"/>
      </object_component>
      <object_component id="oc-f3">
         <name>.debug_line</name>
         <load_address>0x277e</load_address>
         <run_address>0x277e</run_address>
         <size>0x8e</size>
         <input_file_ref idref="fl-13e"/>
      </object_component>
      <object_component id="oc-f9">
         <name>.debug_line</name>
         <load_address>0x280c</load_address>
         <run_address>0x280c</run_address>
         <size>0x66</size>
         <input_file_ref idref="fl-13e"/>
      </object_component>
      <object_component id="oc-cf">
         <name>.debug_line</name>
         <load_address>0x2872</load_address>
         <run_address>0x2872</run_address>
         <size>0xd2</size>
         <input_file_ref idref="fl-13e"/>
      </object_component>
      <object_component id="oc-d5">
         <name>.debug_line</name>
         <load_address>0x2944</load_address>
         <run_address>0x2944</run_address>
         <size>0x120</size>
         <input_file_ref idref="fl-13e"/>
      </object_component>
      <object_component id="oc-1f3">
         <name>.debug_line</name>
         <load_address>0x2a64</load_address>
         <run_address>0x2a64</run_address>
         <size>0x4e</size>
         <input_file_ref idref="fl-13f"/>
      </object_component>
      <object_component id="oc-db">
         <name>.debug_line</name>
         <load_address>0x2ab2</load_address>
         <run_address>0x2ab2</run_address>
         <size>0x61</size>
         <input_file_ref idref="fl-13f"/>
      </object_component>
      <object_component id="oc-e1">
         <name>.debug_line</name>
         <load_address>0x2b13</load_address>
         <run_address>0x2b13</run_address>
         <size>0x62</size>
         <input_file_ref idref="fl-13f"/>
      </object_component>
      <object_component id="oc-e4">
         <name>.debug_line</name>
         <load_address>0x2b75</load_address>
         <run_address>0x2b75</run_address>
         <size>0x61</size>
         <input_file_ref idref="fl-13f"/>
      </object_component>
      <object_component id="oc-ed">
         <name>.debug_line</name>
         <load_address>0x2bd6</load_address>
         <run_address>0x2bd6</run_address>
         <size>0x5e</size>
         <input_file_ref idref="fl-13f"/>
      </object_component>
      <object_component id="oc-1de">
         <name>.debug_line</name>
         <load_address>0x2c34</load_address>
         <run_address>0x2c34</run_address>
         <size>0x5d</size>
         <input_file_ref idref="fl-140"/>
      </object_component>
      <object_component id="oc-10b">
         <name>.debug_frame</name>
         <load_address>0x0</load_address>
         <run_address>0x0</run_address>
         <size>0x7f</size>
         <input_file_ref idref="fl-2"/>
      </object_component>
      <object_component id="oc-2d">
         <name>.debug_frame</name>
         <load_address>0x7f</load_address>
         <run_address>0x7f</run_address>
         <size>0x72</size>
         <input_file_ref idref="fl-3"/>
      </object_component>
      <object_component id="oc-a2">
         <name>.debug_frame</name>
         <load_address>0xf1</load_address>
         <run_address>0xf1</run_address>
         <size>0xeb</size>
         <input_file_ref idref="fl-4"/>
      </object_component>
      <object_component id="oc-100">
         <name>.debug_frame</name>
         <load_address>0x1dc</load_address>
         <run_address>0x1dc</run_address>
         <size>0x13f</size>
         <input_file_ref idref="fl-5"/>
      </object_component>
      <object_component id="oc-106">
         <name>.debug_frame</name>
         <load_address>0x31b</load_address>
         <run_address>0x31b</run_address>
         <size>0xc9</size>
         <input_file_ref idref="fl-6"/>
      </object_component>
      <object_component id="oc-16">
         <name>.debug_frame</name>
         <load_address>0x3e4</load_address>
         <run_address>0x3e4</run_address>
         <size>0x3f</size>
         <input_file_ref idref="fl-12e"/>
      </object_component>
      <object_component id="oc-46">
         <name>.debug_frame</name>
         <load_address>0x423</load_address>
         <run_address>0x423</run_address>
         <size>0x4e</size>
         <input_file_ref idref="fl-12f"/>
      </object_component>
      <object_component id="oc-1c">
         <name>.debug_frame</name>
         <load_address>0x471</load_address>
         <run_address>0x471</run_address>
         <size>0x3f</size>
         <input_file_ref idref="fl-12f"/>
      </object_component>
      <object_component id="oc-22">
         <name>.debug_frame</name>
         <load_address>0x4b0</load_address>
         <run_address>0x4b0</run_address>
         <size>0x3f</size>
         <input_file_ref idref="fl-130"/>
      </object_component>
      <object_component id="oc-6d">
         <name>.debug_frame</name>
         <load_address>0x4ef</load_address>
         <run_address>0x4ef</run_address>
         <size>0x73</size>
         <input_file_ref idref="fl-131"/>
      </object_component>
      <object_component id="oc-19a">
         <name>.debug_frame</name>
         <load_address>0x562</load_address>
         <run_address>0x562</run_address>
         <size>0x12e</size>
         <input_file_ref idref="fl-133"/>
      </object_component>
      <object_component id="oc-5f">
         <name>.debug_frame</name>
         <load_address>0x690</load_address>
         <run_address>0x690</run_address>
         <size>0x3f</size>
         <input_file_ref idref="fl-135"/>
      </object_component>
      <object_component id="oc-123">
         <name>.debug_frame</name>
         <load_address>0x6cf</load_address>
         <run_address>0x6cf</run_address>
         <size>0x61</size>
         <input_file_ref idref="fl-137"/>
      </object_component>
      <object_component id="oc-6b">
         <name>.debug_frame</name>
         <load_address>0x730</load_address>
         <run_address>0x730</run_address>
         <size>0x3f</size>
         <input_file_ref idref="fl-138"/>
      </object_component>
      <object_component id="oc-65">
         <name>.debug_frame</name>
         <load_address>0x76f</load_address>
         <run_address>0x76f</run_address>
         <size>0x4a</size>
         <input_file_ref idref="fl-139"/>
      </object_component>
      <object_component id="oc-9b">
         <name>.debug_frame</name>
         <load_address>0x7b9</load_address>
         <run_address>0x7b9</run_address>
         <size>0x4e</size>
         <input_file_ref idref="fl-13a"/>
      </object_component>
      <object_component id="oc-220">
         <name>.debug_frame</name>
         <load_address>0x807</load_address>
         <run_address>0x807</run_address>
         <size>0x60</size>
         <input_file_ref idref="fl-13b"/>
      </object_component>
      <object_component id="oc-1a5">
         <name>.debug_frame</name>
         <load_address>0x867</load_address>
[...]
         <length>0x10000</length>
         <used_space>0x12f0</used_space>
         <unused_space>0xed10</unused_space>
         <attributes>RWX</attributes>
         <usage_details>
            <allocated_space>
               <start_address>0x20000000</start_address>
               <size>0x26c</size>
               <logical_group_ref idref="lg-8"/>
            </allocated_space>
            <allocated_space>
               <start_address>0x2000026c</start_address>
               <size>0x800</size>
               <logical_group_ref idref="lg-c"/>
            </allocated_space>
            <available_space>
               <start_address>0x20000a6c</start_address>
               <size>0x4</size>
            </available_space>
            <allocated_space>
               <start_address>0x20000a70</start_address>
               <size>0x800</size>
               <logical_group_ref idref="lg-b"/>
            </allocated_space>
            <allocated_space>
               <start_address>0x20001270</start_address>
               <size>0x64</size>
               <logical_group_ref idref="lg-243"/>
            </allocated_space>
            <allocated_space>
               <start_address>0x200012d4</start_address>
               <size>0x20</size>
               <logical_group_ref idref="lg-245"/>
            </allocated_space>
            <available_space>
               <start_address>0x200012f4</start_address>
               <size>0xed0c</size>
            </available_space>
         </usage_details>
      </memory_area>
   </placement_map>
   <cptbl_list>
      <cptbl>
         <name>__TI_cinit_table</name>
         <cprec>
            <name>.data</name>
            <load_address>0x1d88</load_address>
            <load_size>0x1b</load_size>
            <run_address>0x200012d4</run_address>
            <run_size>0x20</run_size>
            <compression>rle</compression>
         </cprec>
         <cprec>
            <name>.bss</name>
            <load_address>0x1db0</load_address>
            <load_size>0x8</load_size>
            <run_address>0x20001270</run_address>
            <run_size>0x64</run_size>
            <compression>zero_init</compression>
         </cprec>
         <cprec>
            <name>.vtable</name>
            <load_address>0x1db8</load_address>
            <load_size>0x8</load_size>
            <run_address>0x20000000</run_address>
            <run_size>0x26c</run_size>
            <compression>zero_init</compression>
         </cprec>
      </cptbl>
   </cptbl_list>
   <handler_table>
      <handler_table_name>__TI_handler_table</handler_table_name>
      <handler>
         <index>0x0</index>
         <name>__TI_zero_init</name>
      </handler>
      <handler>
         <index>0x1</index>
         <name>__TI_decompress_rle24</name>
      </handler>
      <handler>
         <index>0x2</index>
         <name>__TI_decompress_none</name>
      </handler>
   </handler_table>
   <symbol_table>
      <symbol id="sm-1">
         <name>__STACK_TOP</name>
         <value>0x2000036c</value>
      </symbol>
      <symbol id="sm-2">
         <name>__TI_CINIT_Base</name>
         <value>0x1dc0</value>
      </symbol>
      <symbol id="sm-3">
         <name>__TI_CINIT_Limit</name>
         <value>0x1dd8</value>
      </symbol>
      <symbol id="sm-4">
         <name>__TI_Handler_Table_Base</name>
         <value>0x1da4</value>
      </symbol>
      <symbol id="sm-5">
         <name>__TI_Handler_Table_Limit</name>
         <value>0x1db0</value>
      </symbol>
      <symbol id="sm-6">
         <name>binit</name>
         <value>0xffffffff</value>
      </symbol>
      <symbol id="sm-7">
         <name>__binit__</name>
         <value>0xffffffff</value>
      </symbol>
      <symbol id="sm-8">
         <name>__STACK_SIZE</name>
         <value>0x800</value>
      </symbol>
      <symbol id="sm-9">
         <name>__STACK_END</name>
         <value>0x20000a6c</value>
      </symbol>
      <symbol id="sm-a">
         <name>__SYSMEM_SIZE</name>
         <value>0x800</value>
      </symbol>
      <symbol id="sm-b">
         <name>__c_args__</name>
         <value>0xffffffff</value>
      </symbol>
      <symbol id="sm-72">
         <name>butIntCount</name>
         <value>0x200012c8</value>
      </symbol>
      <symbol id="sm-73">
         <name>buttonsInit</name>
         <value>0x9dd</value>
         <object_component_ref idref="oc-107"/>
      </symbol>
      <symbol id="sm-74">
         <name>ButtonIntHandler</name>
         <value>0xa93</value>
         <object_component_ref idref="oc-107"/>
      </symbol>
      <symbol id="sm-75">
         <name>buttonPressed</name>
         <value>0xb73</value>
         <object_component_ref idref="oc-107"/>
      </symbol>
      <symbol id="sm-76">
         <name>buttonList</name>
         <value>0x20001270</value>
         <object_component_ref idref="oc-1d1"/>
      </symbol>
      <symbol id="sm-92">
         <name>ResetISR</name>
         <value>0x1987</value>
         <object_component_ref idref="oc-2c"/>
      </symbol>
      <symbol id="sm-93">
         <name>g_pfnVectors</name>
         <value>0x0</value>
         <object_component_ref idref="oc-e"/>
      </symbol>
      <symbol id="sm-c6">
         <name>sysTick</name>
         <value>0x200012d0</value>
      </symbol>
      <symbol id="sm-c7">
         <name>pinInit</name>
         <value>0xfad</value>
         <object_component_ref idref="oc-9e"/>
      </symbol>
      <symbol id="sm-c8">
         <name>SysTickIntHandler</name>
         <value>0xf45</value>
         <object_component_ref idref="oc-9e"/>
      </symbol>
      <symbol id="sm-c9">
         <name>sometask</name>
         <value>0xfed</value>
         <object_component_ref idref="oc-9e"/>
      </symbol>
      <symbol id="sm-ca">
         <name>sometask2</name>
         <value>0xfff</value>
         <object_component_ref idref="oc-9e"/>
      </symbol>
      <symbol id="sm-cb">
         <name>displayInit</name>
         <value>0xfe3</value>
         <object_component_ref idref="oc-9e"/>
      </symbol>
      <symbol id="sm-cc">
         <name>main</name>
         <value>0x1021</value>
         <object_component_ref idref="oc-9e"/>
      </symbol>
      <symbol id="sm-cd">
         <name>sysInit</name>
         <value>0xf4f</value>
         <object_component_ref idref="oc-9e"/>
      </symbol>
      <symbol id="sm-ce">
         <name>pinReset</name>
         <value>0xf77</value>
         <object_component_ref idref="oc-9e"/>
      </symbol>
      <symbol id="sm-13f">
         <name>RIT128x96x4StringDraw</name>
         <value>0x255</value>
         <object_component_ref idref="oc-fb"/>
      </symbol>
      <symbol id="sm-140">
         <name>RIT128x96x4DisplayOn</name>
         <value>0x595</value>
         <object_component_ref idref="oc-fb"/>
      </symbol>
      <symbol id="sm-141">
         <name>RIT128x96x4Enable</name>
         <value>0x41d</value>
         <object_component_ref idref="oc-fb"/>
      </symbol>
      <symbol id="sm-142">
         <name>RIT128x96x4Clear</name>
         <value>0x1f9</value>
         <object_component_ref idref="oc-fb"/>
      </symbol>
      <symbol id="sm-143">
         <name>RIT128x96x4Disable</name>
         <value>0x477</value>
         <object_component_ref idref="oc-fb"/>
      </symbol>
      <symbol id="sm-144">
         <name>RIT128x96x4DisplayOff</name>
         <value>0x5c9</value>
         <object_component_ref idref="oc-fb"/>
      </symbol>
      <symbol id="sm-145">
         <name>RIT128x96x4ImageDraw</name>
         <value>0x395</value>
         <object_component_ref idref="oc-fb"/>
      </symbol>
      <symbol id="sm-146">
         <name>RIT128x96x4Init</name>
         <value>0x4f1</value>
         <object_component_ref idref="oc-fb"/>
      </symbol>
      <symbol id="sm-170">
         <name>scheduler</name>
         <value>0x200012c0</value>
      </symbol>
      <symbol id="sm-171">
         <name>next_available_slot</name>
         <value>0xdff</value>
         <object_component_ref idref="oc-101"/>
      </symbol>
      <symbol id="sm-172">
         <name>scheduler_create</name>
         <value>0xe55</value>
         <object_component_ref idref="oc-101"/>
      </symbol>
      <symbol id="sm-173">
         <name>scheduler_cancel</name>
         <value>0xe91</value>
         <object_component_ref idref="oc-101"/>
      </symbol>
      <symbol id="sm-174">
         <name>scheduler_start</name>
         <value>0xeab</value>
         <object_component_ref idref="oc-101"/>
      </symbol>
      <symbol id="sm-175">
         <name>scheduler_init</name>
         <value>0xdc5</value>
         <object_component_ref idref="oc-101"/>
      </symbol>
      <symbol id="sm-176">
         <name>scheduler_clean</name>
         <value>0xdf3</value>
         <object_component_ref idref="oc-101"/>
      </symbol>
      <symbol id="sm-186">
         <name>_c_int00</name>
         <value>0x17e9</value>
         <object_component_ref idref="oc-23"/>
      </symbol>
      <symbol id="sm-187">
         <name>__stack</name>
         <value>0x2000026c</value>
         <object_component_ref idref="oc-28"/>
      </symbol>
      <symbol id="sm-19e">
         <name>__TI_decompress_none</name>
         <value>0x1955</value>
         <object_component_ref idref="oc-11"/>
      </symbol>
      <symbol id="sm-1c1">
         <name>__TI_decompress_rle24</name>
         <value>0x19db</value>
         <object_component_ref idref="oc-17"/>
      </symbol>
      <symbol id="sm-1d3">
         <name>__TI_zero_init</name>
         <value>0x197b</value>
         <object_component_ref idref="oc-1d"/>
      </symbol>
      <symbol id="sm-1f2">
         <name>C$$EXIT</name>
         <value>0x1725</value>
         <object_component_ref idref="oc-6c"/>
      </symbol>
      <symbol id="sm-1f3">
         <name>abort</name>
         <value>0x1729</value>
         <object_component_ref idref="oc-6c"/>
      </symbol>
      <symbol id="sm-1f4">
         <name>exit</name>
         <value>0x1731</value>
         <object_component_ref idref="oc-6c"/>
      </symbol>
      <symbol id="sm-1f5">
         <name>__TI_dtors_ptr</name>
         <value>0x200012ec</value>
         <object_component_ref idref="oc-a9"/>
      </symbol>
      <symbol id="sm-1f6">
         <name>__TI_cleanup_ptr</name>
         <value>0x200012e8</value>
         <object_component_ref idref="oc-a9"/>
      </symbol>
      <symbol id="sm-211">
         <name>memcpy</name>
         <value>0x1397</value>
         <object_component_ref idref="oc-35"/>
      </symbol>
      <symbol id="sm-212">
         <name>__aeabi_memcpy</name>
         <value>0x1397</value>
         <object_component_ref idref="oc-35"/>
      </symbol>
      <symbol id="sm-213">
         <name>__aeabi_memcpy8</name>
         <value>0x1397</value>
         <object_component_ref idref="oc-35"/>
      </symbol>
      <symbol id="sm-214">
         <name>__aeabi_memcpy4</name>
         <value>0x1397</value>
         <object_component_ref idref="oc-35"/>
      </symbol>
      <symbol id="sm-28b">
         <name>_sys_memory</name>
         <value>0x20000a70</value>
         <object_component_ref idref="oc-29"/>
      </symbol>
      <symbol id="sm-28c">
         <name>free</name>
         <value>0x6f7</value>
         <object_component_ref idref="oc-195"/>
      </symbol>
      <symbol id="sm-28d">
         <name>realloc</name>
         <value>0x7b9</value>
         <object_component_ref idref="oc-195"/>
      </symbol>
      <symbol id="sm-28e">
         <name>memalign</name>
         <value>0x8c5</value>
         <object_component_ref idref="oc-195"/>
      </symbol>
      <symbol id="sm-28f">
         <name>calloc</name>
         <value>0x9a9</value>
         <object_component_ref idref="oc-195"/>
      </symbol>
      <symbol id="sm-290">
         <name>malloc</name>
         <value>0x68f</value>
         <object_component_ref idref="oc-195"/>
      </symbol>
      <symbol id="sm-291">
         <name>minit</name>
         <value>0x601</value>
         <object_component_ref idref="oc-195"/>
      </symbol>
      <symbol id="sm-2a0">
         <name>__aeabi_memset</name>
         <value>0x14c3</value>
         <object_component_ref idref="oc-4e"/>
      </symbol>
      <symbol id="sm-2a1">
         <name>memset</name>
         <value>0x14c9</value>
         <object_component_ref idref="oc-4e"/>
      </symbol>
      <symbol id="sm-2a2">
         <name>__aeabi_memset8</name>
         <value>0x14c3</value>
         <object_component_ref idref="oc-4e"/>
      </symbol>
      <symbol id="sm-2a3">
         <name>__aeabi_memset4</name>
         <value>0x14c3</value>
         <object_component_ref idref="oc-4e"/>
      </symbol>
      <symbol id="sm-2a4">
         <name>__aeabi_memclr8</name>
         <value>0x14c1</value>
         <object_component_ref idref="oc-4e"/>
      </symbol>
      <symbol id="sm-2a5">
         <name>__aeabi_memclr4</name>
         <value>0x14c1</value>
         <object_component_ref idref="oc-4e"/>
      </symbol>
      <symbol id="sm-2a6">
         <name>__aeabi_memclr</name>
         <value>0x14c1</value>
         <object_component_ref idref="oc-4e"/>
      </symbol>
      <symbol id="sm-2b0">
         <name>_system_pre_init</name>
         <value>0x19e1</value>
         <object_component_ref idref="oc-5a"/>
      </symbol>
      <symbol id="sm-2b8">
         <name>main_func_sp</name>
         <value>0x200012f0</value>
         <object_component_ref idref="oc-72"/>
      </symbol>
      <symbol id="sm-2d1">
         <name>_nop</name>
         <value>0x1907</value>
         <object_component_ref idref="oc-11e"/>
      </symbol>
      <symbol id="sm-2d2">
         <name>_lock</name>
         <value>0x200012e0</value>
         <object_component_ref idref="oc-a6"/>
      </symbol>
      <symbol id="sm-2d3">
         <name>_unlock</name>
         <value>0x200012e4</value>
         <object_component_ref idref="oc-a6"/>
      </symbol>
      <symbol id="sm-2d4">
         <name>_register_lock</name>
         <value>0x18ff</value>
         <object_component_ref idref="oc-11e"/>
      </symbol>
      <symbol id="sm-2d5">
         <name>_register_unlock</name>
         <value>0x18f9</value>
         <object_component_ref idref="oc-11e"/>
      </symbol>
      <symbol id="sm-2ea">
         <name>_args_main</name>
         <value>0x18b9</value>
         <object_component_ref idref="oc-66"/>
      </symbol>
      <symbol id="sm-310">
         <name>__TI_auto_init</name>
         <value>0x153d</value>
         <object_component_ref idref="oc-60"/>
      </symbol>
      <symbol id="sm-32a">
         <name>copy_in</name>
         <value>0x16d9</value>
         <object_component_ref idref="oc-96"/>
      </symbol>
      <symbol id="sm-3a2">
         <name>GPIOPinIntClear</name>
         <value>0x19c3</value>
         <object_component_ref idref="oc-1c2"/>
      </symbol>
      <symbol id="sm-3a3">
         <name>GPIOIntTypeSet</name>
         <value>0x17ab</value>
         <object_component_ref idref="oc-1b0"/>
      </symbol>
      <symbol id="sm-3a4">
         <name>GPIOPinIntEnable</name>
         <value>0x196f</value>
         <object_component_ref idref="oc-1b6"/>
      </symbol>
      <symbol id="sm-3a5">
         <name>GPIOPinTypeGPIOOutput</name>
         <value>0x190d</value>
         <object_component_ref idref="oc-184"/>
      </symbol>
      <symbol id="sm-3a6">
         <name>GPIOPinRead</name>
         <value>0x19c9</value>
         <object_component_ref idref="oc-1c8"/>
      </symbol>
      <symbol id="sm-3a7">
         <name>GPIODirModeSet</name>
         <value>0x1859</value>
         <object_component_ref idref="oc-1aa"/>
      </symbol>
      <symbol id="sm-3a8">
         <name>GPIOPinWrite</name>
         <value>0x19cf</value>
         <object_component_ref idref="oc-151"/>
      </symbol>
      <symbol id="sm-3a9">
         <name>GPIOPadConfigSet</name>
         <value>0x12dd</value>
         <object_component_ref idref="oc-172"/>
      </symbol>
      <symbol id="sm-3aa">
         <name>GPIOPinTypeSSI</name>
         <value>0x191f</value>
         <object_component_ref idref="oc-16c"/>
      </symbol>
      <symbol id="sm-3ab">
         <name>GPIOPortIntRegister</name>
         <value>0x18a1</value>
         <object_component_ref idref="oc-1a4"/>
      </symbol>
      <symbol id="sm-3ec">
         <name>IntEnable</name>
         <value>0x1615</value>
         <object_component_ref idref="oc-1bc"/>
      </symbol>
      <symbol id="sm-3ed">
         <name>IntRegister</name>
         <value>0x1825</value>
         <object_component_ref idref="oc-13d"/>
      </symbol>
      <symbol id="sm-3ee">
         <name>g_pfnRAMVectors</name>
         <value>0x20000000</value>
         <object_component_ref idref="oc-1f4"/>
      </symbol>
      <symbol id="sm-3ef">
         <name>IntMasterEnable</name>
         <value>0x1993</value>
         <object_component_ref idref="oc-10d"/>
      </symbol>
      <symbol id="sm-428">
         <name>SSIDataPut</name>
         <value>0x199d</value>
         <object_component_ref idref="oc-157"/>
      </symbol>
      <symbol id="sm-429">
         <name>SSIDataGetNonBlocking</name>
         <value>0x1931</value>
         <object_component_ref idref="oc-17e"/>
      </symbol>
      <symbol id="sm-42a">
         <name>SSIConfigSetExpClk</name>
         <value>0x1769</value>
         <object_component_ref idref="oc-166"/>
      </symbol>
      <symbol id="sm-42b">
         <name>SSIEnable</name>
         <value>0x19b1</value>
         <object_component_ref idref="oc-178"/>
      </symbol>
      <symbol id="sm-42c">
         <name>SSIBusy</name>
         <value>0x19bb</value>
         <object_component_ref idref="oc-14b"/>
      </symbol>
      <symbol id="sm-42d">
         <name>SSIDisable</name>
         <value>0x19a7</value>
         <object_component_ref idref="oc-160"/>
      </symbol>
      <symbol id="sm-4b1">
         <name>SysCtlClockSet</name>
         <value>0x10ad</value>
         <object_component_ref idref="oc-cb"/>
      </symbol>
      <symbol id="sm-4b2">
         <name>SysCtlDelay</name>
         <value>0x19d5</value>
         <object_component_ref idref="oc-133"/>
      </symbol>
      <symbol id="sm-4b3">
         <name>SysCtlPeripheralEnable</name>
         <value>0x167d</value>
         <object_component_ref idref="oc-f5"/>
      </symbol>
      <symbol id="sm-4b4">
         <name>SysCtlClockGet</name>
         <value>0xc01</value>
         <object_component_ref idref="oc-d1"/>
      </symbol>
      <symbol id="sm-4b5">
         <name>SysCtlPeripheralReset</name>
         <value>0x1435</value>
         <object_component_ref idref="oc-ef"/>
      </symbol>
      <symbol id="sm-4e2">
         <name>SysTickEnable</name>
         <value>0x18d1</value>
         <object_component_ref idref="oc-e9"/>
      </symbol>
      <symbol id="sm-4e3">
         <name>SysTickIntRegister</name>
         <value>0x1885</value>
         <object_component_ref idref="oc-dd"/>
      </symbol>
      <symbol id="sm-4e4">
         <name>SysTickIntEnable</name>
         <value>0x18e5</value>
         <object_component_ref idref="oc-e3"/>
      </symbol>
      <symbol id="sm-4e5">
         <name>SysTickPeriodSet</name>
         <value>0x1945</value>
         <object_component_ref idref="oc-d7"/>
      </symbol>
      <symbol id="sm-4ef">
         <name>CPUcpsie</name>
         <value>0x1963</value>
         <object_component_ref idref="oc-1dd"/>
      </symbol>
      <symbol id="sm-4f0">
         <name>__TI_static_base__</name>
         <value>0x0</value>
      </symbol>
      <symbol id="sm-4f3">
         <name>SHT$$INIT_ARRAY$$Limit</name>
         <value>0x0</value>
      </symbol>
      <symbol id="sm-4f4">
         <name>SHT$$INIT_ARRAY$$Base</name>
         <value>0x0</value>
      </symbol>
   </symbol_table>
   <title>Link successful</title>
</link_info>
